{"browser":"Chrome","country_code":null,"device_type":"desktop","environment":"production","id":"<masked>","ingest_id":"<masked>","name":"page_view","occurred_at":"2026-01-15T10:00:00Z","os":"Windows","page_view_id":null,"project_id":"<project:snap>","properties":null,"referrer":null,"referrer_domain":null,"session_id":"aaaaaaaaaaaaaaaaaaaaaaaaaaaaaaa1","url":"https://example.com/?utm_source=news&utm_medium=email","user_agent":"Mozilla/5.0 (Windows NT 10.0; Win64; x64) AppleWebKit/537.36 (KHTML, like Gecko) Chrome/120.0.0.0 Safari/537.36","user_id_hash":"bb82030dbc2bcaba32a90bf2e207a84a856fc5f033b77c480836ab6f77f40f19","utm_campaign":null,"utm_content":null,"utm_medium":"email","utm_source":"news","utm_term":null}
{"browser":"Chrome","country_code":null,"device_type":"desktop","environment":"production","id":"<masked>","ingest_id":"<masked>","name":"page_view","occurred_at":"2026-01-15T10:03:00Z","os":"Windows","page_view_id":null,"project_id":"<project:snap>","properties":null,"referrer":null,"referrer_domain":null,"session_id":"<session:fingerprint>","url":"https://example.com/about","user_agent":"Mozilla/5.0 (Windows NT 10.0; Win64; x64) AppleWebKit/537.36 (KHTML, like Gecko) Chrome/120.0.0.0 Safari/537.36","user_id_hash":null,"utm_campaign":null,"utm_content":null,"utm_medium":null,"utm_source":null,"utm_term":null}
{"browser":"Chrome","country_code":null,"device_type":"desktop","environment":"production","id":"<masked>","ingest_id":"<masked>","name":"signup","occurred_at":"2026-01-15T10:01:00Z","os":"Windows","page_view_id":null,"project_id":"<project:snap>","properties":null,"referrer":"https://example.com/","referrer_domain":"example.com","session_id":"aaaaaaaaaaaaaaaaaaaaaaaaaaaaaaa1","url":"https://example.com/signup","user_agent":"Mozilla/5.0 (Windows NT 10.0; Win64; x64) AppleWebKit/537.36 (KHTML, like Gecko) Chrome/120.0.0.0 Safari/537.36","user_id_hash":"bb82030dbc2bcaba32a90bf2e207a84a856fc5f033b77c480836ab6f77f40f19","utm_campaign":null,"utm_content":null,"utm_medium":null,"utm_source":null,"utm_term":null}
{"browser":"Chrome","country_code":null,"device_type":"desktop","environment":"staging","id":"<masked>","ingest_id":"<masked>","name":"page_view","occurred_at":"2026-01-15T10:02:00Z","os":"Windows","page_view_id":null,"project_id":"<project:snap>","properties":null,"referrer":"https://www.google.com/search?q=x","referrer_domain":"google.com","session_id":"bbbbbbbbbbbbbbbbbbbbbbbbbbbbbbb2","url":"https://example.com/pricing","user_agent":"Mozilla/5.0 (Windows NT 10.0; Win64; x64) AppleWebKit/537.36 (KHTML, like Gecko) Chrome/120.0.0.0 Safari/537.36","user_id_hash":"6ca202c88e549dff68c09bfafbfc60b2fac074debc1e6777e9ba4b6c703ed114","utm_campaign":null,"utm_content":null,"utm_medium":null,"utm_source":null,"utm_term":null}
