{"conversion_event":"","default_variant":"default","flag_key":"auto_cfg","flag_kind":"config","flag_type":"string","last_evaluated_at":"<set>","name":"auto_cfg","origin":"auto","project_id":"<project:snap>","split":"{}","status":"inactive","targeting_rules":"[]","variants":"{\"default\":\"x\"}"}
{"conversion_event":"","default_variant":"default","flag_key":"auto_exp","flag_kind":"experiment","flag_type":"boolean","last_evaluated_at":"<set>","name":"auto_exp","origin":"auto","project_id":"<project:snap>","split":"{}","status":"inactive","targeting_rules":"[]","variants":"{\"default\":true}"}
{"conversion_event":"","default_variant":"default","flag_key":"auto_third","flag_kind":"experiment","flag_type":"number","last_evaluated_at":"<set>","name":"auto_third","origin":"auto","project_id":"<project:snap>","split":"{}","status":"inactive","targeting_rules":"[]","variants":"{\"default\":5}"}
{"conversion_event":"","default_variant":"off","flag_key":"exp_target","flag_kind":"experiment","flag_type":"boolean","last_evaluated_at":"<set>","name":"Targeted","origin":"manual","project_id":"<project:snap>","split":"{\"on\":50,\"off\":50}","status":"active","targeting_rules":"[{\"name\":\"pro-users\",\"variant\":\"on\",\"match\":\"all\",\"conditions\":[{\"context_key\":\"plan\",\"operator\":\"eq\",\"value\":\"pro\"}]}]","variants":"{\"on\":true,\"off\":false}"}
{"conversion_event":"","default_variant":"off","flag_key":"off_flag","flag_kind":"experiment","flag_type":"boolean","last_evaluated_at":"<set>","name":"Inactive","origin":"manual","project_id":"<project:snap>","split":"{\"on\":50,\"off\":50}","status":"inactive","targeting_rules":"[]","variants":"{\"on\":true,\"off\":false}"}
{"conversion_event":"","default_variant":"v2","flag_key":"cfg_flag","flag_kind":"config","flag_type":"string","last_evaluated_at":"<set>","name":"Config","origin":"manual","project_id":"<project:snap>","split":"{}","status":"active","targeting_rules":"[]","variants":"{\"v1\":\"alpha\",\"v2\":\"beta\"}"}
{"conversion_event":"signup","default_variant":"off","flag_key":"exp_split","flag_kind":"experiment","flag_type":"boolean","last_evaluated_at":"<set>","name":"Split","origin":"manual","project_id":"<project:snap>","split":"{\"on\":50,\"off\":50}","status":"active","targeting_rules":"[]","variants":"{\"on\":true,\"off\":false}"}
