{"asn_org":null,"browser_timezone":null,"city":null,"connection_class":null,"country_code":null,"cpu_cores":null,"dark_mode":null,"device_type":"desktop","entry_url":"https://example.com/?utm_source=news&utm_medium=email","environment":"production","event_count":2,"exit_url":"https://example.com/signup","first_seen_at":"2026-01-15T10:00:00Z","geo_anonymized":0,"id":"aaaaaaaaaaaaaaaaaaaaaaaaaaaaaaa1","ip":null,"last_seen_at":"2026-01-15T10:01:00Z","latitude":null,"longitude":null,"pixel_ratio":null,"project_id":"<project:snap>","reduced_motion":null,"referrer":null,"region":null,"screen_height":null,"screen_width":null,"signals_collected":0,"timezone":null,"touch":null,"utm_campaign":null,"utm_medium":"email","utm_source":"news"}
{"asn_org":null,"browser_timezone":null,"city":null,"connection_class":null,"country_code":null,"cpu_cores":null,"dark_mode":null,"device_type":"desktop","entry_url":"https://example.com/about","environment":"production","event_count":1,"exit_url":"https://example.com/about","first_seen_at":"2026-01-15T10:03:00Z","geo_anonymized":0,"id":"<session:fingerprint>","ip":null,"last_seen_at":"2026-01-15T10:03:00Z","latitude":null,"longitude":null,"pixel_ratio":null,"project_id":"<project:snap>","reduced_motion":null,"referrer":null,"region":null,"screen_height":null,"screen_width":null,"signals_collected":0,"timezone":null,"touch":null,"utm_campaign":null,"utm_medium":null,"utm_source":null}
{"asn_org":null,"browser_timezone":null,"city":null,"connection_class":null,"country_code":null,"cpu_cores":null,"dark_mode":null,"device_type":"desktop","entry_url":"https://example.com/pricing","environment":"staging","event_count":1,"exit_url":"https://example.com/pricing","first_seen_at":"2026-01-15T10:02:00Z","geo_anonymized":0,"id":"bbbbbbbbbbbbbbbbbbbbbbbbbbbbbbb2","ip":null,"last_seen_at":"2026-01-15T10:02:00Z","latitude":null,"longitude":null,"pixel_ratio":null,"project_id":"<project:snap>","reduced_motion":null,"referrer":"https://www.google.com/search?q=x","region":null,"screen_height":null,"screen_width":null,"signals_collected":0,"timezone":null,"touch":null,"utm_campaign":null,"utm_medium":null,"utm_source":null}
